2026-08-30 10:40:59,665 [INFO] Initialized mission MSN-1788066659 on config_1.h5
2026-08-30 10:40:59,666 [INFO] Mission MSN-1788066659 started
2026-08-30 10:40:59,687 [INFO] Mission MSN-1788066659 paused
2026-08-30 10:40:59,691 [INFO] Mission MSN-1788066659 resumed
2026-08-30 10:40:59,697 [INFO] Saved mission record: results/missions\mission_MSN-1788066659.json
2026-08-30 10:40:59,697 [INFO] Mission MSN-1788066659 stopped
2026-08-30 10:40:59,904 [INFO] Initialized mission MSN-1788066659
2026-08-30 10:41:00,097 [INFO] Initialized mission MSN-1788066659
2026-08-30 10:41:00,102 [INFO] Saved mission record: results/missions\mission_MSN-1788066659.json
2026-08-30 10:41:29,107 [INFO] Initialized mission MSN-1788066688 on config_1.h5
2026-08-30 10:41:30,455 [INFO] Initialized mission MSN-1788066690 on config_1.h5
2026-08-30 10:41:31,050 [INFO] Learning mode set to: True
2026-08-30 10:41:46,002 [INFO] Learning mode set to: True
2026-08-30 10:41:46,778 [INFO] Learning mode set to: True
2026-08-30 10:41:47,563 [INFO] Learning mode set to: True
2026-08-30 10:41:48,378 [INFO] Learning mode set to: True
2026-08-30 10:41:49,193 [INFO] Learning mode set to: True
2026-08-30 10:41:50,016 [INFO] Learning mode set to: True
2026-08-30 10:41:50,856 [INFO] Learning mode set to: True
2026-08-30 10:41:51,679 [INFO] Learning mode set to: True
2026-08-30 10:41:52,480 [INFO] Learning mode set to: True
2026-08-30 10:41:53,270 [INFO] Learning mode set to: True
2026-08-30 10:41:54,099 [INFO] Learning mode set to: True
2026-08-30 10:41:54,940 [INFO] Learning mode set to: True
2026-08-30 10:41:55,765 [INFO] Learning mode set to: True
2026-08-30 10:41:56,583 [INFO] Learning mode set to: True
2026-08-30 10:41:57,378 [INFO] Learning mode set to: True
2026-08-30 10:41:58,146 [INFO] Learning mode set to: True
2026-08-30 10:41:58,969 [INFO] Learning mode set to: True
2026-08-30 10:41:59,774 [INFO] Learning mode set to: True
2026-08-30 10:42:00,634 [INFO] Learning mode set to: True
2026-08-30 10:42:01,487 [INFO] Learning mode set to: True
2026-08-30 10:42:02,300 [INFO] Learning mode set to: True
2026-08-30 10:42:03,741 [INFO] Learning mode set to: True
2026-08-30 10:42:04,575 [INFO] Learning mode set to: True
2026-08-30 10:42:05,349 [INFO] Learning mode set to: True
2026-08-30 10:42:06,747 [INFO] Learning mode set to: True
2026-08-30 10:42:08,191 [INFO] Learning mode set to: True
2026-08-30 10:42:09,019 [INFO] Learning mode set to: True
2026-08-30 10:42:10,382 [INFO] Learning mode set to: True
2026-08-30 10:42:11,924 [INFO] Learning mode set to: True
2026-08-30 10:42:12,751 [INFO] Learning mode set to: True
2026-08-30 10:42:14,335 [INFO] Learning mode set to: True
2026-08-30 10:42:15,193 [INFO] Learning mode set to: True
2026-08-30 10:42:15,977 [INFO] Learning mode set to: True
2026-08-30 10:42:16,795 [INFO] Learning mode set to: True
2026-08-30 10:42:18,220 [INFO] Learning mode set to: True
2026-08-30 10:42:18,998 [INFO] Learning mode set to: True
2026-08-30 10:42:20,509 [INFO] Learning mode set to: True
2026-08-30 10:42:21,325 [INFO] Learning mode set to: True
2026-08-30 10:42:22,675 [INFO] Learning mode set to: True
2026-08-30 10:42:23,489 [INFO] Learning mode set to: True
2026-08-30 10:42:25,098 [INFO] Learning mode set to: True
2026-08-30 10:42:25,896 [INFO] Learning mode set to: True
2026-08-30 10:42:26,741 [INFO] Learning mode set to: True
2026-08-30 10:42:27,577 [INFO] Learning mode set to: True
2026-08-30 10:42:28,377 [INFO] Learning mode set to: True
2026-08-30 10:42:29,165 [INFO] Learning mode set to: True
2026-08-30 10:42:29,986 [INFO] Learning mode set to: True
2026-08-30 10:42:30,838 [INFO] Learning mode set to: True
2026-08-30 10:42:31,653 [INFO] Learning mode set to: True
2026-08-30 10:42:32,485 [INFO] Learning mode set to: True
2026-08-30 10:42:33,336 [INFO] Learning mode set to: True
2026-08-30 10:42:34,137 [INFO] Learning mode set to: True
2026-08-30 10:42:34,946 [INFO] Learning mode set to: True
2026-08-30 10:42:35,767 [INFO] Learning mode set to: True
2026-08-30 10:42:36,560 [INFO] Learning mode set to: True
2026-08-30 10:42:37,350 [INFO] Learning mode set to: True
2026-08-30 10:42:38,183 [INFO] Learning mode set to: True
2026-08-30 10:42:39,031 [INFO] Learning mode set to: True
2026-08-30 10:42:39,841 [INFO] Learning mode set to: True
2026-08-30 10:42:40,700 [INFO] Learning mode set to: True
2026-08-30 10:42:41,542 [INFO] Learning mode set to: True
2026-08-30 10:42:42,363 [INFO] Learning mode set to: True
2026-08-30 10:42:43,163 [INFO] Learning mode set to: True
2026-08-30 10:42:44,000 [INFO] Learning mode set to: True
2026-08-30 10:42:44,812 [INFO] Learning mode set to: True
2026-08-30 10:42:45,691 [INFO] Learning mode set to: True
2026-08-30 10:42:46,525 [INFO] Learning mode set to: True
2026-08-30 10:42:47,336 [INFO] Learning mode set to: True
2026-08-30 10:42:48,190 [INFO] Learning mode set to: True
2026-08-30 10:42:49,050 [INFO] Learning mode set to: True
2026-08-30 10:42:49,889 [INFO] Learning mode set to: True
2026-08-30 10:42:50,747 [INFO] Learning mode set to: True
2026-08-30 10:42:51,567 [INFO] Learning mode set to: True
2026-08-30 10:42:52,423 [INFO] Learning mode set to: True
2026-08-30 10:42:53,258 [INFO] Learning mode set to: True
2026-08-30 10:42:54,093 [INFO] Learning mode set to: True
2026-08-30 10:42:54,963 [INFO] Learning mode set to: True
2026-08-30 10:42:55,822 [INFO] Learning mode set to: True
2026-08-30 10:42:56,653 [INFO] Learning mode set to: True
2026-08-30 10:42:57,502 [INFO] Learning mode set to: True
2026-08-30 10:42:58,386 [INFO] Learning mode set to: True
2026-08-30 10:42:59,241 [INFO] Learning mode set to: True
2026-08-30 10:42:59,947 [INFO] Learning mode set to: True
2026-08-30 10:43:00,526 [INFO] Learning mode set to: True
2026-08-30 10:43:01,107 [INFO] Learning mode set to: True
2026-08-30 10:43:01,664 [INFO] Learning mode set to: True
2026-08-30 10:43:02,252 [INFO] Learning mode set to: True
2026-08-30 10:43:02,791 [INFO] Learning mode set to: True
2026-08-30 10:43:03,403 [INFO] Learning mode set to: True
2026-08-30 10:43:04,200 [INFO] Learning mode set to: True
2026-08-30 10:43:05,064 [INFO] Learning mode set to: True
2026-08-30 10:43:05,874 [INFO] Learning mode set to: True
2026-08-30 10:43:06,518 [INFO] Learning mode set to: True
2026-08-30 10:43:07,340 [INFO] Learning mode set to: True
2026-08-30 10:43:08,211 [INFO] Learning mode set to: True
2026-08-30 10:43:09,073 [INFO] Learning mode set to: True
2026-08-30 10:43:09,874 [INFO] Learning mode set to: True
2026-08-30 10:43:10,711 [INFO] Learning mode set to: True
2026-08-30 10:43:11,531 [INFO] Learning mode set to: True
2026-08-30 10:43:12,332 [INFO] Learning mode set to: True
2026-08-30 10:43:13,203 [INFO] Learning mode set to: True
2026-08-30 10:43:14,029 [INFO] Learning mode set to: True
2026-08-30 10:43:14,875 [INFO] Learning mode set to: True
2026-08-30 10:43:15,697 [INFO] Learning mode set to: True
2026-08-30 10:43:16,542 [INFO] Learning mode set to: True
2026-08-30 10:43:17,363 [INFO] Learning mode set to: True
2026-08-30 10:43:18,218 [INFO] Learning mode set to: True
2026-08-30 10:43:19,058 [INFO] Learning mode set to: True
2026-08-30 10:43:19,866 [INFO] Learning mode set to: True
2026-08-30 10:43:20,653 [INFO] Learning mode set to: True
2026-08-30 10:43:21,468 [INFO] Learning mode set to: True
2026-08-30 10:43:22,306 [INFO] Learning mode set to: True
2026-08-30 10:43:23,142 [INFO] Learning mode set to: True
2026-08-30 10:43:23,960 [INFO] Learning mode set to: True
2026-08-30 10:43:24,866 [INFO] Learning mode set to: True
2026-08-30 10:43:25,705 [INFO] Learning mode set to: True
2026-08-30 10:43:26,507 [INFO] Learning mode set to: True
2026-08-30 10:43:27,358 [INFO] Learning mode set to: True
2026-08-30 10:43:28,181 [INFO] Learning mode set to: True
2026-08-30 10:43:29,009 [INFO] Learning mode set to: True
2026-08-30 10:43:29,855 [INFO] Learning mode set to: True
2026-08-30 10:43:30,705 [INFO] Learning mode set to: True
2026-08-30 10:43:31,570 [INFO] Learning mode set to: True
2026-08-30 10:43:32,460 [INFO] Learning mode set to: True
2026-08-30 10:43:33,318 [INFO] Learning mode set to: True
2026-08-30 10:43:34,227 [INFO] Learning mode set to: True
2026-08-30 10:43:35,047 [INFO] Learning mode set to: True
2026-08-30 10:43:35,927 [INFO] Learning mode set to: True
2026-08-30 10:43:36,764 [INFO] Learning mode set to: True
2026-08-30 10:43:37,628 [INFO] Learning mode set to: True
2026-08-30 10:43:38,479 [INFO] Learning mode set to: True
2026-08-30 10:43:39,316 [INFO] Learning mode set to: True
2026-08-30 10:43:40,161 [INFO] Learning mode set to: True
2026-08-30 10:43:40,988 [INFO] Learning mode set to: True
2026-08-30 10:43:41,847 [INFO] Learning mode set to: True
2026-08-30 10:43:42,673 [INFO] Learning mode set to: True
2026-08-30 10:43:43,517 [INFO] Learning mode set to: True
2026-08-30 10:43:44,380 [INFO] Learning mode set to: True
2026-08-30 10:43:45,234 [INFO] Learning mode set to: True
2026-08-30 10:43:46,101 [INFO] Learning mode set to: True
2026-08-30 10:43:46,942 [INFO] Learning mode set to: True
2026-08-30 10:43:47,745 [INFO] Learning mode set to: True
2026-08-30 10:43:48,602 [INFO] Learning mode set to: True
2026-08-30 10:43:49,456 [INFO] Learning mode set to: True
2026-08-30 10:43:50,316 [INFO] Learning mode set to: True
2026-08-30 10:43:51,195 [INFO] Learning mode set to: True
2026-08-30 10:43:52,021 [INFO] Learning mode set to: True
2026-08-30 10:43:52,866 [INFO] Learning mode set to: True
2026-08-30 10:43:53,666 [INFO] Learning mode set to: True
2026-08-30 10:43:54,499 [INFO] Learning mode set to: True
2026-08-30 10:43:55,334 [INFO] Learning mode set to: True
2026-08-30 10:43:56,133 [INFO] Learning mode set to: True
2026-08-30 10:43:56,909 [INFO] Learning mode set to: True
2026-08-30 10:43:57,722 [INFO] Learning mode set to: True
2026-08-30 10:43:58,559 [INFO] Learning mode set to: True
2026-08-30 10:43:59,443 [INFO] Learning mode set to: True
2026-08-30 10:44:00,333 [INFO] Learning mode set to: True
2026-08-30 10:44:06,173 [INFO] Learning mode set to: True
2026-08-30 10:44:07,021 [INFO] Learning mode set to: True
2026-08-30 10:44:07,895 [INFO] Learning mode set to: True
2026-08-30 10:44:08,761 [INFO] Learning mode set to: True
2026-08-30 10:44:09,606 [INFO] Learning mode set to: True
2026-08-30 10:44:10,461 [INFO] Learning mode set to: True
2026-08-30 10:44:11,366 [INFO] Learning mode set to: True
2026-08-30 10:44:12,203 [INFO] Learning mode set to: True
2026-08-30 10:44:13,028 [INFO] Learning mode set to: True
2026-08-30 10:44:13,921 [INFO] Learning mode set to: True
2026-08-30 10:44:14,740 [INFO] Learning mode set to: True
2026-08-30 10:44:15,548 [INFO] Learning mode set to: True
2026-08-30 10:44:16,406 [INFO] Learning mode set to: True
2026-08-30 10:44:17,229 [INFO] Learning mode set to: True
2026-08-30 10:44:18,042 [INFO] Learning mode set to: True
2026-08-30 10:44:18,873 [INFO] Learning mode set to: True
2026-08-30 10:44:19,677 [INFO] Learning mode set to: True
2026-08-30 10:44:20,523 [INFO] Learning mode set to: True
2026-08-30 10:44:21,346 [INFO] Learning mode set to: True
2026-08-30 10:44:22,186 [INFO] Learning mode set to: True
2026-08-30 10:44:23,058 [INFO] Learning mode set to: True
2026-08-30 10:44:23,889 [INFO] Learning mode set to: True
2026-08-30 10:44:24,735 [INFO] Learning mode set to: True
2026-08-30 10:44:25,547 [INFO] Learning mode set to: True
2026-08-30 10:44:26,424 [INFO] Learning mode set to: True
2026-08-30 10:44:27,278 [INFO] Learning mode set to: True
2026-08-30 10:44:28,134 [INFO] Learning mode set to: True
2026-08-30 10:44:28,995 [INFO] Learning mode set to: True
2026-08-30 10:44:29,849 [INFO] Learning mode set to: True
2026-08-30 10:44:30,670 [INFO] Learning mode set to: True
2026-08-30 10:44:31,495 [INFO] Learning mode set to: True
2026-08-30 10:44:32,330 [INFO] Learning mode set to: True
2026-08-30 10:44:33,203 [INFO] Learning mode set to: True
2026-08-30 10:44:34,056 [INFO] Learning mode set to: True
2026-08-30 10:44:34,873 [INFO] Learning mode set to: True
2026-08-30 10:44:35,715 [INFO] Learning mode set to: True
2026-08-30 10:44:36,570 [INFO] Learning mode set to: True
2026-08-30 10:44:37,399 [INFO] Learning mode set to: True
2026-08-30 10:44:38,214 [INFO] Learning mode set to: True
2026-08-30 10:44:39,096 [INFO] Learning mode set to: True
2026-08-30 10:44:39,960 [INFO] Learning mode set to: True
2026-08-30 10:44:40,786 [INFO] Learning mode set to: True
2026-08-30 10:44:41,668 [INFO] Learning mode set to: True
2026-08-30 10:44:42,512 [INFO] Learning mode set to: True
2026-08-30 10:44:43,347 [INFO] Learning mode set to: True
2026-08-30 10:44:44,173 [INFO] Learning mode set to: True
2026-08-30 10:44:45,046 [INFO] Learning mode set to: True
2026-08-30 10:44:45,906 [INFO] Learning mode set to: True
2026-08-30 10:44:46,760 [INFO] Learning mode set to: True
2026-08-30 10:44:47,567 [INFO] Learning mode set to: True
2026-08-30 10:44:48,412 [INFO] Learning mode set to: True
2026-08-30 10:44:49,256 [INFO] Learning mode set to: True
2026-08-30 10:44:50,083 [INFO] Learning mode set to: True
2026-08-30 10:44:50,922 [INFO] Learning mode set to: True
2026-08-30 10:44:51,755 [INFO] Learning mode set to: True
2026-08-30 10:44:52,599 [INFO] Learning mode set to: True
2026-08-30 10:44:53,395 [INFO] Learning mode set to: True
2026-08-30 10:44:54,219 [INFO] Learning mode set to: True
2026-08-30 10:44:55,067 [INFO] Learning mode set to: True
2026-08-30 10:44:55,885 [INFO] Learning mode set to: True
2026-08-30 10:44:56,752 [INFO] Learning mode set to: True
2026-08-30 10:44:57,616 [INFO] Learning mode set to: True
2026-08-30 10:44:58,450 [INFO] Learning mode set to: True
2026-08-30 10:44:59,301 [INFO] Learning mode set to: True
2026-08-30 10:45:00,161 [INFO] Learning mode set to: True
2026-08-30 10:45:01,021 [INFO] Learning mode set to: True
2026-08-30 10:45:01,829 [INFO] Learning mode set to: True
2026-08-30 10:45:02,636 [INFO] Learning mode set to: True
2026-08-30 10:45:03,459 [INFO] Learning mode set to: True
2026-08-30 10:45:04,300 [INFO] Learning mode set to: True
2026-08-30 10:45:05,129 [INFO] Learning mode set to: True
2026-08-30 10:45:05,966 [INFO] Learning mode set to: True
2026-08-30 10:45:06,763 [INFO] Learning mode set to: True
2026-08-30 10:45:07,668 [INFO] Learning mode set to: True
2026-08-30 10:45:08,516 [INFO] Learning mode set to: True
2026-08-30 10:45:09,359 [INFO] Learning mode set to: True
2026-08-30 10:45:10,218 [INFO] Learning mode set to: True
2026-08-30 10:45:11,000 [INFO] Learning mode set to: True
2026-08-30 10:45:11,827 [INFO] Learning mode set to: True
2026-08-30 10:45:12,588 [INFO] Learning mode set to: True
2026-08-30 10:45:13,409 [INFO] Learning mode set to: True
2026-08-30 10:45:14,235 [INFO] Learning mode set to: True
2026-08-30 10:45:15,057 [INFO] Learning mode set to: True
2026-08-30 10:45:15,906 [INFO] Learning mode set to: True
2026-08-30 10:45:16,731 [INFO] Learning mode set to: True
2026-08-30 10:45:17,604 [INFO] Learning mode set to: True
2026-08-30 10:45:18,442 [INFO] Learning mode set to: True
2026-08-30 10:45:19,296 [INFO] Learning mode set to: True
2026-08-30 10:45:20,185 [INFO] Learning mode set to: True
2026-08-30 10:45:21,019 [INFO] Learning mode set to: True
2026-08-30 10:45:21,879 [INFO] Learning mode set to: True
2026-08-30 10:45:22,751 [INFO] Learning mode set to: True
2026-08-30 10:45:23,642 [INFO] Learning mode set to: True
2026-08-30 10:45:24,535 [INFO] Learning mode set to: True
2026-08-30 10:45:25,405 [INFO] Learning mode set to: True
2026-08-30 10:45:26,255 [INFO] Learning mode set to: True
2026-08-30 10:45:27,082 [INFO] Learning mode set to: True
2026-08-30 10:45:27,928 [INFO] Learning mode set to: True
2026-08-30 10:45:28,748 [INFO] Learning mode set to: True
2026-08-30 10:45:29,612 [INFO] Learning mode set to: True
2026-08-30 10:45:30,492 [INFO] Learning mode set to: True
2026-08-30 10:45:31,263 [INFO] Learning mode set to: True
2026-08-30 10:45:32,154 [INFO] Learning mode set to: True
2026-08-30 10:45:32,966 [INFO] Learning mode set to: True
2026-08-30 10:45:33,830 [INFO] Learning mode set to: True
2026-08-30 10:45:34,622 [INFO] Learning mode set to: True
2026-08-30 10:45:35,399 [INFO] Learning mode set to: True
2026-08-30 10:45:36,219 [INFO] Learning mode set to: True
2026-08-30 10:45:37,063 [INFO] Learning mode set to: True
2026-08-30 10:45:37,925 [INFO] Learning mode set to: True
2026-08-30 10:45:38,755 [INFO] Learning mode set to: True
2026-08-30 10:45:39,656 [INFO] Learning mode set to: True
2026-08-30 10:45:40,478 [INFO] Learning mode set to: True
2026-08-30 10:45:41,358 [INFO] Learning mode set to: True
2026-08-30 10:45:42,245 [INFO] Learning mode set to: True
2026-08-30 10:45:43,124 [INFO] Learning mode set to: True
2026-08-30 10:45:43,995 [INFO] Learning mode set to: True
2026-08-30 10:45:44,858 [INFO] Learning mode set to: True
2026-08-30 10:45:45,698 [INFO] Learning mode set to: True
2026-08-30 10:45:46,530 [INFO] Learning mode set to: True
2026-08-30 10:45:47,347 [INFO] Learning mode set to: True
2026-08-30 10:45:48,157 [INFO] Learning mode set to: True
2026-08-30 10:45:48,937 [INFO] Learning mode set to: True
2026-08-30 10:45:49,838 [INFO] Learning mode set to: True
2026-08-30 10:45:50,726 [INFO] Learning mode set to: True
2026-08-30 10:45:51,589 [INFO] Learning mode set to: True
2026-08-30 10:45:52,405 [INFO] Learning mode set to: True
2026-08-30 10:45:53,258 [INFO] Learning mode set to: True
2026-08-30 10:45:54,142 [INFO] Learning mode set to: True
2026-08-30 10:45:55,055 [INFO] Learning mode set to: True
2026-08-30 10:45:55,935 [INFO] Learning mode set to: True
2026-08-30 10:45:56,800 [INFO] Learning mode set to: True
2026-08-30 10:45:57,687 [INFO] Learning mode set to: True
2026-08-30 10:45:58,582 [INFO] Learning mode set to: True
2026-08-30 10:45:59,422 [INFO] Learning mode set to: True
2026-08-30 10:46:00,295 [INFO] Learning mode set to: True
2026-08-30 10:46:01,132 [INFO] Learning mode set to: True
2026-08-30 10:46:01,986 [INFO] Learning mode set to: True
2026-08-30 10:46:02,800 [INFO] Learning mode set to: True
2026-08-30 10:46:03,663 [INFO] Learning mode set to: True
2026-08-30 10:46:04,528 [INFO] Learning mode set to: True
2026-08-30 10:46:05,378 [INFO] Learning mode set to: True
2026-08-30 10:46:06,230 [INFO] Learning mode set to: True
2026-08-30 10:46:07,075 [INFO] Learning mode set to: True
2026-08-30 10:46:07,906 [INFO] Learning mode set to: True
2026-08-30 10:46:08,762 [INFO] Learning mode set to: True
2026-08-30 10:46:09,615 [INFO] Learning mode set to: True
2026-08-30 10:46:10,422 [INFO] Learning mode set to: True
2026-08-30 10:46:11,315 [INFO] Learning mode set to: True
2026-08-30 10:46:12,153 [INFO] Learning mode set to: True
2026-08-30 10:49:25,464 [INFO] Initialized mission MSN-1788067165 on config_1.h5
2026-08-30 10:49:25,465 [INFO] Mission MSN-1788067165 started
2026-08-30 10:49:25,487 [INFO] Mission MSN-1788067165 paused
2026-08-30 10:49:25,507 [INFO] Mission MSN-1788067165 resumed
2026-08-30 10:49:27,290 [INFO] Saved mission record: results/missions\mission_MSN-1788067165.json
2026-08-30 10:49:27,290 [INFO] Mission MSN-1788067165 completed naturally
2026-08-30 10:49:27,491 [INFO] Initialized mission MSN-1788067167
